// Jest Snapshot v1, https://goo.gl/fbAQLP

exports[`Snapshot of the Visualiser component should render correctly 1`] = `
<div
  className="visualiser"
>
  <div
    className="vsx-bar"
    style={
      Object {
        "backgroundColor": "turquoise",
        "height": "6px",
      }
    }
  />
  <div
    className="vsx-bar"
    style={
      Object {
        "backgroundColor": "turquoise",
        "height": "6px",
      }
    }
  />
  <div
    className="vsx-bar"
    style={
      Object {
        "backgroundColor": "turquoise",
        "height": "6px",
      }
    }
  />
  <div
    className="vsx-bar"
    style={
      Object {
        "backgroundColor": "turquoise",
        "height": "6px",
      }
    }
  />
  <div
    className="vsx-bar"
    style={
      Object {
        "backgroundColor": "turquoise",
        "height": "6px",
      }
    }
  />
</div>
`;
